[
  {
    "ID":             "1ad9240c-2479-11ed-ac33-acde48001122",
    "FirstName":      "john",
    "LastName":       "smith",
    "Nickname":       "smithy",
    "HashedPassword": "$2a$10$5U.360HxxYKyULoXVRao8uKbM9t9vtI1cyZ4glIx8qZ1tXkeXSTMe",
    "Email":          "j_s@gmail.com",
    "Country":        "UK",
    "CreatedAt":      "$currentTime",
    "UpdatedAt":      "$currentTime"
  }
]